| RAM[0] |RAM[256]|RAM[257]|RAM[258]| RAM[3] | RAM[4] |RAM[3032|RAM[3046|
|    257 |   6084 |     46 |      0 |   3030 |   3040 |     32 |     46 |
